// Jest Snapshot v1, https://goo.gl/fbAQLP

exports[`AngelCommentService Tests getAngelComments should match the snapshot 1`] = `
[
  {
    "angel_id": 1,
    "angelcomment_id": 1,
    "content": "hei",
    "created_at": 2024-01-01T10:00:00.000Z,
    "updated_at": 2024-01-01T12:00:00.000Z,
    "user_id": 2,
    "username": "Adele",
  },
  {
    "angel_id": 1,
    "angelcomment_id": 2,
    "content": "yo",
    "created_at": 2024-02-01T10:00:00.000Z,
    "updated_at": 2024-02-01T12:00:00.000Z,
    "user_id": 3,
    "username": "Julia",
  },
]
`;
