// Jest Snapshot v1, https://goo.gl/fbAQLP

exports[`RegisterService Tests getAllUsers should match the snapshot 1`] = `
[
  {
    "created_at": "2023-01-01T12:00:00Z",
    "email": "test1@example.com",
    "password_hash": "password123",
    "user_id": 1,
    "username": "testuser1",
  },
  {
    "created_at": "2023-02-01T12:00:00Z",
    "email": "test2@example.com",
    "password_hash": "password456",
    "user_id": 2,
    "username": "testuser2",
  },
]
`;
